
> campus-guide@0.1.0 build
> next build

  Γû▓ Next.js 14.2.3
  - Environments: .env.local

   Creating an optimized production build ...
 Γ£ô Compiled successfully
   Linting and checking validity of types ...
node.exe : Failed to compile.
At C:\Program Files\nodejs\npm.ps1:29 char:3
+   & $NODE_EXE $NPM_CLI_JS $args
+   ~~~~~~~~~~~~~~~~~~~~~~~~~~~~~
    + CategoryInfo          : NotSpecified: (Failed to compile.:String) [], Re 
   moteException
    + FullyQualifiedErrorId : NativeCommandError
 

./component/Navigation/sections/UniversitiesSection.tsx:110:33
Type error: Type '{ size: number; color: "#8400F2"; }' is not assignable to 
type 'IntrinsicAttributes & SVGProps<SVGSVGElement>'.
  Property 'size' does not exist on type 'IntrinsicAttributes & 
SVGProps<SVGSVGElement>'.

[0m [90m 108 |[39m                   className[33m=[39m[32m"inline-flex 
items-center gap-3 px-6 py-3 rounded-full text-sm font-light transition 
hover:shadow-md bg-white flex-shrink-0"[39m[0m
[0m [90m 109 |[39m                 [33m>[39m[0m
[0m[31m[1m>[22m[39m[90m 110 |[39m                   
[33m<[39m[33mLocationIcon[39m size[33m=[39m{[35m20[39m} 
color[33m=[39m{[33mCOLORS[39m[33m.[39mprimary} [33m/[39m[33m>[39m[0m
[0m [90m     |[39m                                 [31m[1m^[22m[39m[0m
[0m [90m 111 |[39m                   [33m<[39m[33mspan[39m[33m>[39m{un
i[33m.[39mname}[33m<[39m[33m/[39m[33mspan[39m[33m>[39m[0m
[0m [90m 112 |[39m                 
[33m<[39m[33m/[39m[33mdiv[39m[33m>[39m[0m
[0m [90m 113 |[39m               ))}[0m
